[    0.000000] Initializing cgroup subsys cpuset
[    0.000000] Initializing cgroup subsys cpu
[    0.000000] Initializing cgroup subsys cpuacct
[    0.000000] Linux version 4.4.0-145-generic (buildd@lcy01-amd64-027) (gcc version 5.4.0 20160609 (Ubuntu 5.4.0-6ubuntu1~16.04.10) ) #171-Ubuntu SMP Tue Mar 26 12:43:40 UTC 2019 (Ubuntu 4.4.0-145.171-generic 4.4.176)
[    0.000000] Command line: BOOT_IMAGE=/boot/vmlinuz-4.4.0-145-generic root=LABEL=cloudimg-rootfs ro console=tty1 console=ttyS0
[    0.000000] KERNEL supported cpus:
[    0.000000]   Intel GenuineIntel
[    0.000000]   AMD AuthenticAMD
[    0.000000]   Centaur CentaurHauls
[    0.000000] x86/fpu: xstate_offset[2]:  576, xstate_sizes[2]:  256
[    0.000000] x86/fpu: Supporting XSAVE feature 0x01: 'x87 floating point registers'
[    0.000000] x86/fpu: Supporting XSAVE feature 0x02: 'SSE registers'
[    0.000000] x86/fpu: Supporting XSAVE feature 0x04: 'AVX registers'
[    0.000000] x86/fpu: Enabled xstate features 0x7, context size is 832 bytes, using 'standard' format.
[    0.000000] e820: BIOS-provided physical RAM map:
[    0.000000] BIOS-e820: [mem 0x0000000000000000-0x000000000009fbff] usable
[    0.000000] BIOS-e820: [mem 0x000000000009fc00-0x000000000009ffff] reserved
[    0.000000] BIOS-e820: [mem 0x00000000000f0000-0x00000000000fffff] reserved
[    0.000000] BIOS-e820: [mem 0x0000000000100000-0x000000003ffeffff] usable
[    0.000000] BIOS-e820: [mem 0x000000003fff0000-0x000000003fffffff] ACPI data
[    0.000000] BIOS-e820: [mem 0x00000000fec00000-0x00000000fec00fff] reserved
[    0.000000] BIOS-e820: [mem 0x00000000fee00000-0x00000000fee00fff] reserved
[    0.000000] BIOS-e820: [mem 0x00000000fffc0000-0x00000000ffffffff] reserved
[    0.000000] NX (Execute Disable) protection: active
[    0.000000] SMBIOS 2.5 present.
[    0.000000] Hypervisor detected: KVM
[    0.000000] e820: last_pfn = 0x3fff0 max_arch_pfn = 0x400000000
[    0.000000] MTRR: Disabled
[    0.000000] x86/PAT: MTRRs disabled, skipping PAT initialization too.
[    0.000000] CPU MTRRs all blank - virtualized system.
[    0.000000] x86/PAT: Configuration [0-7]: WB  WT  UC- UC  WB  WT  UC- UC  
[    0.000000] found SMP MP-table at [mem 0x0009fff0-0x0009ffff] mapped at [ffff88000009fff0]
[    0.000000] Scanning 1 areas for low memory corruption
[    0.000000] RAMDISK: [mem 0x362fa000-0x37174fff]
[    0.000000] ACPI: Early table checksum verification disabled
[    0.000000] ACPI: RSDP 0x00000000000E0000 000024 (v02 VBOX  )
[    0.000000] ACPI: XSDT 0x000000003FFF0030 00003C (v01 VBOX   VBOXXSDT 00000001 ASL  00000061)
[    0.000000] ACPI: FACP 0x000000003FFF00F0 0000F4 (v04 VBOX   VBOXFACP 00000001 ASL  00000061)
[    0.000000] ACPI: DSDT 0x000000003FFF0470 0022EA (v02 VBOX   VBOXBIOS 00000002 INTL 20100528)
[    0.000000] ACPI: FACS 0x000000003FFF0200 000040
[    0.000000] ACPI: FACS 0x000000003FFF0200 000040
[    0.000000] ACPI: APIC 0x000000003FFF0240 00005C (v02 VBOX   VBOXAPIC 00000001 ASL  00000061)
[    0.000000] ACPI: SSDT 0x000000003FFF02A0 0001CC (v01 VBOX   VBOXCPUT 00000002 INTL 20100528)
[    0.000000] No NUMA configuration found
[    0.000000] Faking a node at [mem 0x0000000000000000-0x000000003ffeffff]
[    0.000000] NODE_DATA(0) allocated [mem 0x3ffeb000-0x3ffeffff]
[    0.000000] kvm-clock: Using msrs 4b564d01 and 4b564d00
[    0.000000] kvm-clock: cpu 0, msr 0:3ffe3001, primary cpu clock
[    0.000000] kvm-clock: using sched offset of 3654199560 cycles
[    0.000000] clocksource: kvm-clock: mask: 0xffffffffffffffff max_cycles: 0x1cd42e4dffb, max_idle_ns: 881590591483 ns
[    0.000000] Zone ranges:
[    0.000000]   DMA      [mem 0x0000000000001000-0x0000000000ffffff]
[    0.000000]   DMA32    [mem 0x0000000001000000-0x000000003ffeffff]
[    0.000000]   Normal   empty
[    0.000000]   Device   empty
[    0.000000] Movable zone start for each node
[    0.000000] Early memory node ranges
[    0.000000]   node   0: [mem 0x0000000000001000-0x000000000009efff]
[    0.000000]   node   0: [mem 0x0000000000100000-0x000000003ffeffff]
[    0.000000] Initmem setup node 0 [mem 0x0000000000001000-0x000000003ffeffff]
[    0.000000] ACPI: PM-Timer IO Port: 0x4008
[    0.000000] IOAPIC[0]: apic_id 2, version 32, address 0xfec00000, GSI 0-23
[    0.000000] ACPI: INT_SRC_OVR (bus 0 bus_irq 0 global_irq 2 dfl dfl)
[    0.000000] ACPI: INT_SRC_OVR (bus 0 bus_irq 9 global_irq 9 low level)
[    0.000000] Using ACPI (MADT) for SMP configuration information
[    0.000000] smpboot: Allowing 2 CPUs, 0 hotplug CPUs
[    0.000000] PM: Registered nosave memory: [mem 0x00000000-0x00000fff]
[    0.000000] PM: Registered nosave memory: [mem 0x0009f000-0x0009ffff]
[    0.000000] PM: Registered nosave memory: [mem 0x000a0000-0x000effff]
[    0.000000] PM: Registered nosave memory: [mem 0x000f0000-0x000fffff]
[    0.000000] e820: [mem 0x40000000-0xfebfffff] available for PCI devices
[    0.000000] Booting paravirtualized kernel on KVM
[    0.000000] clocksource: refined-jiffies: mask: 0xffffffff max_cycles: 0xffffffff, max_idle_ns: 7645519600211568 ns
[    0.000000] setup_percpu: NR_CPUS:512 nr_cpumask_bits:512 nr_cpu_ids:2 nr_node_ids:1
[    0.000000] PERCPU: Embedded 34 pages/cpu @ffff88003fc00000 s99480 r8192 d31592 u1048576
[    0.000000] Built 1 zonelists in Node order, mobility grouping on.  Total pages: 257912
[    0.000000] Policy zone: DMA32
[    0.000000] Kernel command line: BOOT_IMAGE=/boot/vmlinuz-4.4.0-145-generic root=LABEL=cloudimg-rootfs ro console=tty1 console=ttyS0
[    0.000000] PID hash table entries: 4096 (order: 3, 32768 bytes)
[    0.000000] Memory: 997732K/1048120K available (8608K kernel code, 1333K rwdata, 4008K rodata, 1484K init, 1284K bss, 50388K reserved, 0K cma-reserved)
[    0.000000] SLUB: HWalign=64, Order=0-3, MinObjects=0, CPUs=2, Nodes=1
[    0.000000] Kernel/User page tables isolation: enabled
[    0.000000] Hierarchical RCU implementation.
[    0.000000] 	Build-time adjustment of leaf fanout to 64.
[    0.000000] 	RCU restricting CPUs from NR_CPUS=512 to nr_cpu_ids=2.
[    0.000000] RCU: Adjusting geometry for rcu_fanout_leaf=64, nr_cpu_ids=2
[    0.000000] NR_IRQS:33024 nr_irqs:440 16
[    0.000000] Console: colour VGA+ 80x25
[    0.000000] console [tty1] enabled
[    0.000000] console [ttyS0] enabled
[    0.000000] tsc: Detected 2807.998 MHz processor
[    0.202970] Calibrating delay loop (skipped) preset value.. 5615.99 BogoMIPS (lpj=11231992)
[    0.205757] pid_max: default: 32768 minimum: 301
[    0.207244] ACPI: Core revision 20150930
[    0.209394] ACPI: 2 ACPI AML tables successfully acquired and loaded
[    0.211520] Security Framework initialized
[    0.212774] Yama: becoming mindful.
[    0.213849] AppArmor: AppArmor initialized
[    0.215209] Dentry cache hash table entries: 131072 (order: 8, 1048576 bytes)
[    0.219033] Inode-cache hash table entries: 65536 (order: 7, 524288 bytes)
[    0.221270] Mount-cache hash table entries: 2048 (order: 2, 16384 bytes)
[    0.223819] Mountpoint-cache hash table entries: 2048 (order: 2, 16384 bytes)
[    0.225805] Initializing cgroup subsys io
[    0.227226] Initializing cgroup subsys memory
[    0.228891] Initializing cgroup subsys devices
[    0.230216] Initializing cgroup subsys freezer
[    0.231853] Initializing cgroup subsys net_cls
[    0.233263] Initializing cgroup subsys perf_event
[    0.234626] Initializing cgroup subsys net_prio
[    0.235888] Initializing cgroup subsys hugetlb
[    0.237119] Initializing cgroup subsys pids
[    0.239478] mce: CPU supports 0 MCE banks
[    0.241151] Last level iTLB entries: 4KB 64, 2MB 8, 4MB 8
[    0.243221] Last level dTLB entries: 4KB 64, 2MB 0, 4MB 0, 1GB 4
[    0.245189] Spectre V2 : Mitigation: Full generic retpoline
[    0.246802] Spectre V2 : Spectre v2 / SpectreRSB mitigation: Filling RSB on context switch
[    0.249249] Speculative Store Bypass: Vulnerable
[    0.253468] Freeing SMP alternatives memory: 36K
[    0.261228] ftrace: allocating 32283 entries in 127 pages
[    0.320875] smpboot: APIC(0) Converting physical 0 to logical package 0
[    0.323390] smpboot: Max logical packages: 1
[    0.325221] x2apic enabled
[    0.326395] Switched APIC routing to physical x2apic.
[    0.328814] ..TIMER: vector=0x30 apic1=0 pin1=2 apic2=-1 pin2=-1
[    0.438045] smpboot: CPU0: Intel(R) Core(TM) i7-7700HQ CPU @ 2.80GHz (family: 0x6, model: 0x9e, stepping: 0x9)
[    0.441746] Performance Events: unsupported p6 CPU model 158 no PMU driver, software events only.
[    0.454626] KVM setup paravirtual spinlock
[    0.457094] x86: Booting SMP configuration:
[    0.458661] .... node  #0, CPUs:      #1
[    0.460268] kvm-clock: cpu 1, msr 0:3ffe3041, secondary cpu clock
[    0.463101] mce: CPU supports 0 MCE banks
[    0.466313] x86: Booted up 1 node, 2 CPUs
[    0.467823] smpboot: Total of 2 processors activated (11231.99 BogoMIPS)
[    0.470472] devtmpfs: initialized
[    0.473259] evm: security.selinux
[    0.474965] evm: security.SMACK64
[    0.476064] evm: security.SMACK64EXEC
[    0.477322] evm: security.SMACK64TRANSMUTE
[    0.478731] evm: security.SMACK64MMAP
[    0.479872] evm: security.ima
[    0.480817] evm: security.capability
[    0.482317] clocksource: jiffies: mask: 0xffffffff max_cycles: 0xffffffff, max_idle_ns: 7645041785100000 ns
[    0.485165] futex hash table entries: 512 (order: 3, 32768 bytes)
[    0.487245] pinctrl core: initialized pinctrl subsystem
[    0.488963] RTC time: 22:18:53, date: 04/18/19
[    0.490789] NET: Registered protocol family 16
[    0.502667] cpuidle: using governor ladder
[    0.514662] cpuidle: using governor menu
[    0.516856] PCCT header not found.
[    0.518689] ACPI: bus type PCI registered
[    0.520577] acpiphp: ACPI Hot Plug PCI Controller Driver version: 0.5
[    0.523115] PCI: Using configuration type 1 for base access
[    0.539791] ACPI: Added _OSI(Module Device)
[    0.541657] ACPI: Added _OSI(Processor Device)
[    0.543442] ACPI: Added _OSI(3.0 _SCP Extensions)
[    0.544977] ACPI: Added _OSI(Processor Aggregator Device)
[    0.547464] ACPI: Executed 1 blocks of module-level executable AML code
[    0.551355] ACPI: Interpreter enabled
[    0.552702] ACPI: (supports S0 S5)
[    0.553815] ACPI: Using IOAPIC for interrupt routing
[    0.555434] PCI: Using host bridge windows from ACPI; if necessary, use "pci=nocrs" and report a bug
[    0.562589] ACPI: PCI Root Bridge [PCI0] (domain 0000 [bus 00-ff])
[    0.564630] acpi PNP0A03:00: _OSC: OS supports [ASPM ClockPM Segments MSI]
[    0.566881] acpi PNP0A03:00: _OSC: not requesting OS control; OS requires [ExtendedConfig ASPM ClockPM MSI]
[    0.569930] acpi PNP0A03:00: fail to add MMCONFIG information, can't access extended PCI configuration space under this bridge.
[    0.574093] PCI host bridge to bus 0000:00
[    0.575591] pci_bus 0000:00: root bus resource [io  0x0000-0x0cf7 window]
[    0.577567] pci_bus 0000:00: root bus resource [io  0x0d00-0xffff window]
[    0.580029] pci_bus 0000:00: root bus resource [mem 0x000a0000-0x000bffff window]
[    0.582109] pci_bus 0000:00: root bus resource [mem 0x40000000-0xfdffffff window]
[    0.584551] pci_bus 0000:00: root bus resource [bus 00-ff]
[    0.590219] pci 0000:00:01.1: legacy IDE quirk: reg 0x10: [io  0x01f0-0x01f7]
[    0.592727] pci 0000:00:01.1: legacy IDE quirk: reg 0x14: [io  0x03f6]
[    0.594572] pci 0000:00:01.1: legacy IDE quirk: reg 0x18: [io  0x0170-0x0177]
[    0.596875] pci 0000:00:01.1: legacy IDE quirk: reg 0x1c: [io  0x0376]
[    0.618265] pci 0000:00:07.0: quirk: [io  0x4000-0x403f] claimed by PIIX4 ACPI
[    0.620643] pci 0000:00:07.0: quirk: [io  0x4100-0x410f] claimed by PIIX4 SMB
[    0.643186] ACPI: PCI Interrupt Link [LNKA] (IRQs 5 9 10 *11)
[    0.645812] ACPI: PCI Interrupt Link [LNKB] (IRQs 5 9 *10 11)
[    0.648095] ACPI: PCI Interrupt Link [LNKC] (IRQs 5 *9 10 11)
[    0.650199] ACPI: PCI Interrupt Link [LNKD] (IRQs 5 9 10 *11)
[    0.652667] ACPI: Enabled 2 GPEs in block 00 to 07
[    0.654389] vgaarb: setting as boot device: PCI:0000:00:02.0
[    0.657148] vgaarb: device added: PCI:0000:00:02.0,decodes=io+mem,owns=io+mem,locks=none
[    0.660205] vgaarb: loaded
[    0.661357] vgaarb: bridge control possible 0000:00:02.0
[    0.663127] SCSI subsystem initialized
[    0.664349] ACPI: bus type USB registered
[    0.665553] usbcore: registered new interface driver usbfs
[    0.667259] usbcore: registered new interface driver hub
[    0.668770] usbcore: registered new device driver usb
[    0.670483] PCI: Using ACPI for IRQ routing
[    0.672542] NetLabel: Initializing
[    0.674434] NetLabel:  domain hash size = 128
[    0.675820] NetLabel:  protocols = UNLABELED CIPSOv4
[    0.678973] NetLabel:  unlabeled traffic allowed by default
[    0.680621] amd_nb: Cannot enumerate AMD northbridges
[    0.682513] clocksource: Switched to clocksource kvm-clock
[    0.691947] AppArmor: AppArmor Filesystem Enabled
[    0.694033] pnp: PnP ACPI init
[    0.696433] pnp: PnP ACPI: found 3 devices
[    0.707730] clocksource: acpi_pm: mask: 0xffffff max_cycles: 0xffffff, max_idle_ns: 2085701024 ns
[    0.710633] NET: Registered protocol family 2
[    0.712042] TCP established hash table entries: 8192 (order: 4, 65536 bytes)
[    0.713961] TCP bind hash table entries: 8192 (order: 5, 131072 bytes)
[    0.715764] TCP: Hash tables configured (established 8192 bind 8192)
[    0.717562] UDP hash table entries: 512 (order: 2, 16384 bytes)
[    0.719267] UDP-Lite hash table entries: 512 (order: 2, 16384 bytes)
[    0.721044] NET: Registered protocol family 1
[    0.722346] pci 0000:00:00.0: Limiting direct PCI/PCI transfers
[    0.724556] pci 0000:00:01.0: Activating ISA DMA hang workarounds
[    0.726978] Unpacking initramfs...
[    0.942103] Freeing initrd memory: 14828K
[    0.943738] platform rtc_cmos: registered platform RTC device (no PNP device found)
[    0.946056] Scanning for low memory corruption every 60 seconds
[    0.948060] audit: initializing netlink subsys (disabled)
[    0.949603] audit: type=2000 audit(1555625938.573:1): initialized
[    0.951640] Initialise system trusted keyring
[    0.953072] HugeTLB registered 2 MB page size, pre-allocated 0 pages
[    0.956045] zbud: loaded
[    0.957408] VFS: Disk quotas dquot_6.6.0
[    0.958657] VFS: Dquot-cache hash table entries: 512 (order 0, 4096 bytes)
[    0.960741] squashfs: version 4.0 (2009/01/31) Phillip Lougher
[    0.962776] fuse init (API version 7.23)
[    0.964096] Key type big_key registered
[    0.965606] Allocating IMA MOK and blacklist keyrings.
[    0.968339] Key type asymmetric registered
[    0.969559] Asymmetric key parser 'x509' registered
[    0.971045] Block layer SCSI generic (bsg) driver version 0.4 loaded (major 249)
[    0.973820] io scheduler noop registered
[    0.975286] io scheduler deadline registered (default)
[    0.977030] io scheduler cfq registered
[    0.978434] pci_hotplug: PCI Hot Plug PCI Core version: 0.5
[    0.980030] pciehp: PCI Express Hot Plug Controller Driver version: 0.4
[    0.982478] ACPI: AC Adapter [AC] (on-line)
[    0.983880] input: Power Button as /devices/LNXSYSTM:00/LNXPWRBN:00/input/input0
[    0.986167] ACPI: Power Button [PWRF]
[    0.987405] input: Sleep Button as /devices/LNXSYSTM:00/LNXSLPBN:00/input/input1
[    0.989655] ACPI: Sleep Button [SLPF]
[    0.991406] GHES: HEST is not enabled!
[    0.993038] ACPI: Battery Slot [BAT0] (battery present)
[    0.994971] Serial: 8250/16550 driver, 32 ports, IRQ sharing enabled
[    1.017609] 00:02: ttyS0 at I/O 0x3f8 (irq = 4, base_baud = 115200) is a 16550A
[    1.023624] Linux agpgart interface v0.103
[    1.026795] loop: module loaded
[    1.028388] scsi host0: ata_piix
[    1.029456] scsi host1: ata_piix
[    1.030449] ata1: PATA max UDMA/33 cmd 0x1f0 ctl 0x3f6 bmdma 0xd000 irq 14
[    1.032441] ata2: PATA max UDMA/33 cmd 0x170 ctl 0x376 bmdma 0xd008 irq 15
[    1.034471] libphy: Fixed MDIO Bus: probed
[    1.035913] tun: Universal TUN/TAP device driver, 1.6
[    1.037337] tun: (C) 1999-2004 Max Krasnyansky <maxk@qualcomm.com>
[    1.039703] PPP generic driver version 2.4.2
[    1.041473] ehci_hcd: USB 2.0 'Enhanced' Host Controller (EHCI) Driver
[    1.043368] ehci-pci: EHCI PCI platform driver
[    1.044626] ehci-platform: EHCI generic platform driver
[    1.046227] ohci_hcd: USB 1.1 'Open' Host Controller (OHCI) Driver
[    1.047916] ohci-pci: OHCI PCI platform driver
[    1.049418] ohci-platform: OHCI generic platform driver
[    1.051264] uhci_hcd: USB Universal Host Controller Interface driver
[    1.053067] i8042: PNP: PS/2 Controller [PNP0303:PS2K,PNP0f03:PS2M] at 0x60,0x64 irq 1,12
[    1.056581] serio: i8042 KBD port at 0x60,0x64 irq 1
[    1.057960] serio: i8042 AUX port at 0x60,0x64 irq 12
[    1.059718] mousedev: PS/2 mouse device common for all mice
[    1.061780] input: AT Translated Set 2 keyboard as /devices/platform/i8042/serio0/input/input2
[    1.064808] rtc_cmos rtc_cmos: rtc core: registered rtc_cmos as rtc0
[    1.066958] rtc_cmos rtc_cmos: alarms up to one day, 114 bytes nvram
[    1.069275] i2c /dev entries driver
[    1.070627] device-mapper: uevent: version 1.0.3
[    1.072658] device-mapper: ioctl: 4.34.0-ioctl (2015-10-28) initialised: dm-devel@redhat.com
[    1.076122] ledtrig-cpu: registered to indicate activity on CPUs
[    1.078850] NET: Registered protocol family 10
[    1.080846] NET: Registered protocol family 17
[    1.082655] Key type dns_resolver registered
[    1.084949] registered taskstats version 1
[    1.086402] Loading compiled-in X.509 certificates
[    1.089317] Loaded X.509 cert 'Build time autogenerated kernel key: 766cb56454e39ea623681e1efb4bf4db48a2396c'
[    1.093253] zswap: loaded using pool lzo/zbud
[    1.097450] Key type trusted registered
[    1.103639] Key type encrypted registered
[    1.105138] AppArmor: AppArmor sha1 policy hashing enabled
[    1.107555] ima: No TPM chip found, activating TPM-bypass!
[    1.109830] ima: Allocated hash algorithm: sha1
[    1.111853] evm: HMAC attrs: 0x1
[    1.113735]   Magic number: 15:944:350
[    1.115671] rtc_cmos rtc_cmos: setting system clock to 2019-04-18 22:18:53 UTC (1555625933)
[    1.119103] BIOS EDD facility v0.16 2004-Jun-25, 0 devices found
[    1.121555] EDD information not available.
[    1.187886] Freeing unused kernel memory: 1484K
[    1.190182] Write protecting the kernel read-only data: 14336k
[    1.193481] Freeing unused kernel memory: 1620K
[    1.195690] Freeing unused kernel memory: 88K
Loading, please wait...
starting version 229
[    1.213778] random: systemd-udevd: uninitialized urandom read (16 bytes read, 3 bits of entropy available)
[    1.214192] random: udevadm: uninitialized urandom read (16 bytes read, 3 bits of entropy available)
[    1.214208] random: udevadm: uninitialized urandom read (16 bytes read, 3 bits of entropy available)
[    1.221619] random: udevadm: uninitialized urandom read (16 bytes read, 3 bits of entropy available)
[    1.221661] random: udevadm: uninitialized urandom read (16 bytes read, 3 bits of entropy available)
[    1.221774] random: udevadm: uninitialized urandom read (16 bytes read, 3 bits of entropy available)
[    1.221814] random: udevadm: uninitialized urandom read (16 bytes read, 3 bits of entropy available)
[    1.221857] random: udevadm: uninitialized urandom read (16 bytes read, 3 bits of entropy available)
[    1.221898] random: udevadm: uninitialized urandom read (16 bytes read, 3 bits of entropy available)
[    1.221955] random: udevadm: uninitialized urandom read (16 bytes read, 3 bits of entropy available)
[    1.271181] e1000: Intel(R) PRO/1000 Network Driver - version 7.3.21-k8-NAPI
[    1.273967] e1000: Copyright (c) 1999-2006 Intel Corporation.
[    1.294148] Fusion MPT base driver 3.04.20
[    1.296005] Copyright (c) 1999-2008 LSI Corporation
[    1.301870] AVX2 version of gcm_enc/dec engaged.
[    1.303646] AES CTR mode by8 optimization enabled
[    1.319445] Fusion MPT SPI Host driver 3.04.20
[    1.534766] input: ImExPS/2 Generic Explorer Mouse as /devices/platform/i8042/serio1/input/input4
[    1.733566] e1000 0000:00:03.0 eth0: (PCI:33MHz:32-bit) 02:63:27:9f:3f:f3
[    1.735936] e1000 0000:00:03.0 eth0: Intel(R) PRO/1000 Network Connection
[    1.944000] tsc: Refined TSC clocksource calibration: 2807.732 MHz
[    1.946125] clocksource: tsc: mask: 0xffffffffffffffff max_cycles: 0x2878c92e866, max_idle_ns: 440795324589 ns
[    2.166694] e1000 0000:00:08.0 eth1: (PCI:33MHz:32-bit) 08:00:27:9e:49:f2
[    2.168887] e1000 0000:00:08.0 eth1: Intel(R) PRO/1000 Network Connection
[    2.172092] mptbase: ioc0: Initiating bringup
[    2.174488] e1000 0000:00:08.0 enp0s8: renamed from eth1
[    2.187003] e1000 0000:00:03.0 enp0s3: renamed from eth0
[    2.234796] ioc0: LSI53C1030 A0: Capabilities={Initiator}
[    2.398701] scsi host2: ioc0: LSI53C1030 A0, FwRev=00000000h, Ports=1, MaxQ=256, IRQ=20
[    2.511765] scsi 2:0:0:0: Direct-Access     VBOX     HARDDISK         1.0  PQ: 0 ANSI: 5
[    2.514834] scsi target2:0:0: Beginning Domain Validation
[    2.519054] scsi target2:0:0: Domain Validation skipping write tests
[    2.520946] scsi target2:0:0: Ending Domain Validation
[    2.522883] scsi target2:0:0: asynchronous
[    2.525101] scsi 2:0:1:0: Direct-Access     VBOX     HARDDISK         1.0  PQ: 0 ANSI: 5
[    2.527529] scsi target2:0:1: Beginning Domain Validation
[    2.530919] scsi target2:0:1: Domain Validation skipping write tests
[    2.532649] scsi target2:0:1: Ending Domain Validation
[    2.543292] scsi target2:0:1: asynchronous
[    2.552398] sd 2:0:0:0: Attached scsi generic sg0 type 0
[    2.554176] sd 2:0:0:0: [sda] 20971520 512-byte logical blocks: (10.7 GB/10.0 GiB)
[    2.556975] sd 2:0:1:0: Attached scsi generic sg1 type 0
[    2.558916] sd 2:0:1:0: [sdb] 20480 512-byte logical blocks: (10.5 MB/10.0 MiB)
[    2.561445] sd 2:0:0:0: [sda] Write Protect is off
[    2.563077] sd 2:0:0:0: [sda] Incomplete mode parameter data
[    2.564732] sd 2:0:0:0: [sda] Assuming drive cache: write through
[    2.566451] sd 2:0:1:0: [sdb] Write Protect is off
[    2.568224] sd 2:0:1:0: [sdb] Incomplete mode parameter data
[    2.569792] sd 2:0:1:0: [sdb] Assuming drive cache: write through
[    2.572791]  sda: sda1
[    2.575472] sd 2:0:0:0: [sda] Attached SCSI disk
[    2.577665] sd 2:0:1:0: [sdb] Attached SCSI disk
Begin: Loading essential drivers ... [    3.885875] md: linear personality registered for level -1
[    3.891257] md: multipath personality registered for level -4
[    3.896002] md: raid0 personality registered for level 0
[    3.902092] md: raid1 personality registered for level 1
[    3.974683] raid6: sse2x1   gen() 10781 MB/s
[    4.043381] raid6: sse2x1   xor()  7112 MB/s
[    4.110538] raid6: sse2x2   gen() 13134 MB/s
[    4.179008] raid6: sse2x2   xor()  9253 MB/s
[    4.246829] raid6: sse2x4   gen() 15412 MB/s
[    4.314533] raid6: sse2x4   xor() 10078 MB/s
[    4.386318] raid6: avx2x1   gen() 23124 MB/s
[    4.454541] raid6: avx2x2   gen() 24967 MB/s
[    4.522591] raid6: avx2x4   gen() 25987 MB/s
[    4.524295] raid6: using algorithm avx2x4 gen() 25987 MB/s
[    4.526001] raid6: using avx2x2 recovery algorithm
[    4.529223] xor: automatically using best checksumming function:
[    4.570767]    avx       : 20849.000 MB/sec
[    4.574945] async_tx: api initialized (async)
[    4.594710] md: raid6 personality registered for level 6
[    4.596793] md: raid5 personality registered for level 5
[    4.599077] md: raid4 personality registered for level 4
[    4.611001] md: raid10 personality registered for level 10
done.
Begin: Running /scripts/init-premount ... done.
Begin: Mounting root file system ... Begin: Running /scripts/local-top ... done.
Begin: Running /scripts/local-premount ... [    4.647040] Btrfs loaded
Scanning for Btrfs filesystems
done.
Warning: fsck not present, so skipping root file system
[    4.671896] EXT4-fs (sda1): mounted filesystem with ordered data mode. Opts: (null)
done.
Begin: Running /scripts/local-bottom ... done.
Begin: Running /scripts/init-bottom ... done.
[    4.749190] systemd[1]: systemd 229 running in system mode. (+PAM +AUDIT +SELINUX +IMA +APPARMOR +SMACK +SYSVINIT +UTMP +LIBCRYPTSETUP +GCRYPT +GNUTLS +ACL +XZ -LZ4 +SECCOMP +BLKID +ELFUTILS +KMOD -IDN)
[    4.755258] systemd[1]: Detected virtualization oracle.
[    4.757101] systemd[1]: Detected architecture x86-64.

Welcome to [1mUbuntu 16.04.6 LTS[0m!

[    4.762572] systemd[1]: Set hostname to <ubuntu>.
[    4.766838] systemd[1]: Initializing machine ID from random generator.
[    4.768676] systemd[1]: Installed transient /etc/machine-id file.
[    4.861352] systemd[1]: Listening on udev Kernel Socket.
[[0;32m  OK  [0m] Listening on udev Kernel Socket.
[    4.864454] systemd[1]: Listening on /dev/initctl Compatibility Named Pipe.
[[0;32m  OK  [0m] Listening on /dev/initctl Compatibility Named Pipe.
[    4.868521] systemd[1]: Started Forward Password Requests to Wall Directory Watch.
[[0;32m  OK  [0m] Started Forward Password Requests to Wall Directory Watch.
[    4.873038] systemd[1]: Listening on Device-mapper event daemon FIFOs.
[[0;32m  OK  [0m] Listening on Device-mapper event daemon FIFOs.
[    4.876883] systemd[1]: Started Trigger resolvconf update for networkd DNS.
[[0;32m  OK  [0m] Started Trigger resolvconf update for networkd DNS.
[    4.887233] systemd[1]: Reached target Swap.
[[0;32m  OK  [0m] Reached target Swap.
[    4.890997] systemd[1]: Reached target User and Group Name Lookups.
[[0;32m  OK  [0m] Reached target User and Group Name Lookups.
[    4.894264] systemd[1]: Listening on Journal Socket.
[[0;32m  OK  [0m] Listening on Journal Socket.
[    4.897223] systemd[1]: Reached target Encrypted Volumes.
[[0;32m  OK  [0m] Reached target Encrypted Volumes.
[    4.907191] systemd[1]: Listening on Syslog Socket.
[[0;32m  OK  [0m] Listening on Syslog Socket.
[    4.909979] systemd[1]: Listening on LVM2 metadata daemon socket.
[[0;32m  OK  [0m] Listening on LVM2 metadata daemon socket.
[    4.919863] systemd[1]: Created slice User and Session Slice.
[[0;32m  OK  [0m] Created slice User and Session Slice.
[    4.931378] systemd[1]: Listening on LVM2 poll daemon socket.
[[0;32m  OK  [0m] Listening on LVM2 poll daemon socket.
[    4.934364] systemd[1]: Listening on Journal Socket (/dev/log).
[[0;32m  OK  [0m] Listening on Journal Socket (/dev/log).
[    4.937754] systemd[1]: Listening on Journal Audit Socket.
[[0;32m  OK  [0m] Listening on Journal Audit Socket.
[    4.940790] systemd[1]: Listening on udev Control Socket.
[[0;32m  OK  [0m] Listening on udev Control Socket.
[    4.951198] systemd[1]: Reached target System Time Synchronized.
[[0;32m  OK  [0m] Reached target System Time Synchronized.
[    4.954869] systemd[1]: Set up automount Arbitrary Executable File Formats File System Automount Point.
[[0;32m  OK  [0m] Set up automount Arbitrary Executab...ats File System Automount Point.
[    4.960053] systemd[1]: Created slice System Slice.
[[0;32m  OK  [0m] Created slice System Slice.
[    4.975328] systemd[1]: Mounting Huge Pages File System...
         Mounting Huge Pages File System...
[    4.979741] systemd[1]: Starting Journal Service...
         Starting Journal Service...
[    4.982766] systemd[1]: Reached target Slices.
[[0;32m  OK  [0m] Reached target Slices.
[    4.986205] systemd[1]: Starting Uncomplicated firewall...
         Starting Uncomplicated firewall...
[    4.991990] systemd[1]: Starting Remount Root and Kernel File Systems...
         Starting Remount Root and Kernel File Systems...
[    4.995993] systemd[1]: Mounting Debug File System...
         Mounting Debug File System...
[    4.999357] EXT4-fs (sda1): re-mounted. Opts: (null)
[    5.001964] systemd[1]: Starting Monitoring of LVM2 mirrors, snapshots etc. using dmeventd or progress polling...
         Starting Monitoring of LVM2 mirrors... dmeventd or progress polling...
[    5.019170] systemd[1]: Created slice system-serial\x2dgetty.slice.
[[0;32m  OK  [0m] Created slice system-serial\x2dgetty.slice.
[    5.035162] systemd[1]: Starting Load Kernel Modules...
         Starting Load Kernel Modules...
[    5.040706] systemd[1]: Starting Set console keymap...
[    5.042970] Loading iSCSI transport class v2.0-870.
         Starting Set console keymap...
[    5.048375] systemd[1]: Mounting POSIX Message Queue File System...
         Mounting POSIX Message Queue File System...
[    5.052302] systemd[1]: Starting Create list of required static device nodes for the current kernel...
         Starting Create list of required st... nodes for the current kernel...
[    5.062448] iscsi: registered transport (tcp)
[    5.064551] systemd[1]: Starting Nameserver information manager...
         Starting Nameserver information manager...
[    5.070043] systemd[1]: Mounted Debug File System.
[[0;32m  OK  [0m] Mounted Debug File System.
[    5.078833] systemd[1]: Mounted POSIX Message Queue File System.
[[0;32m  OK  [0m] Mounted POSIX Message Queue File System.
[    5.081921] systemd[1]: Mounted Huge Pages File System.
[[0;32m  OK  [0m] Mounted Huge Pages File System.
[    5.091195] systemd[1]: Started Journal Service.
[[0;32m  OK  [0m] Started Journal Service.
[[0;32m  OK  [0m] Started Uncomplicated firewall.
[[0;32m  OK  [0m] Started Remount Root and Kernel File Systems.
[    5.102007] iscsi: registered transport (iser)
[[0;32m  OK  [0m] Started Load Kernel Modules.
[[0;32m  OK  [0m] Started Set console keymap.
[[0;32m  OK  [0m] Started Create list of required sta...ce nodes for the current kernel.
[[0;32m  OK  [0m] Started Nameserver information manager.
[[0;32m  OK  [0m] Started LVM2 metadata daemon.
         Starting Create Static Device Nodes in /dev...
         Mounting FUSE Control File System...
         Starting Apply Kernel Variables...
         Starting Load/Save Random Seed...
         Starting udev Coldplug all Devices...
         Starting Flush Journal to Persistent Storage...
[[0;32m  OK  [0m] Mounted FUSE Control File System.
[[0;32m  OK  [0m] Started Create Static Device Nodes in /dev.
[[0;32m  OK  [0m] Started Apply Kernel Variables.
[[0;32m  OK  [0m] Started Load/Save Random Seed.
[[0;32m  OK  [0m] Started Flush Journal to Persistent Storage.
         Starting udev Kernel Device Manager...
[[0;32m  OK  [0m] Started udev Coldplug all Devices.
[[0;32m  OK  [0m] Started udev Kernel Device Manager.
[[0;32m  OK  [0m] Started Dispatch Password Requests to Console Directory Watch.
[[0;32m  OK  [0m] Found device /dev/ttyS0.
[[0;32m  OK  [0m] Listening on Load/Save RF Kill Switch Status /dev/rfkill Watch.
[[0;32m  OK  [0m] Started Monitoring of LVM2 mirrors,...ng dmeventd or progress polling.
[[0;32m  OK  [0m] Reached target Local File Systems (Pre).
[[0;32m  OK  [0m] Reached target Local File Systems.
         Starting Set console font and keymap...
         Starting Commit a transient machine-id on disk...
         Starting Initial cloud-init job (pre-networking)...
         Starting Tell Plymouth To Write Out Runtime Data...
         Starting Create Volatile Files and Directories...
         Starting LSB: AppArmor initialization...
[[0;32m  OK  [0m] Started Commit a transient machine-id on disk.
[[0;32m  OK  [0m] Started Tell Plymouth To Write Out Runtime Data.
[[0;32m  OK  [0m] Started Create Volatile Files and Directories.
         Starting Update UTMP about System Boot/Shutdown...
[[0;32m  OK  [0m] Started Update UTMP about System Boot/Shutdown.
[[0;32m  OK  [0m] Started Set console font and keymap.
[[0;32m  OK  [0m] Created slice system-getty.slice.
[    6.377865] cloud-init[627]: Cloud-init v. 18.5-45-g3554ffe8-0ubuntu1~16.04.1 running 'init-local' at Thu, 18 Apr 2019 22:18:58 +0000. Up 6.09 seconds.
[[0;32m  OK  [0m] Started LSB: AppArmor initialization.
[[0;32m  OK  [0m] Started Initial cloud-init job (pre-networking).
[[0;32m  OK  [0m] Reached target Network (Pre).
         Starting Raise network interfaces...
[[0;32m  OK  [0m] Started Raise network interfaces.
[[0;32m  OK  [0m] Reached target Network.
         Starting Initial cloud-init job (metadata service crawler)...
[    7.313241] cloud-init[944]: Cloud-init v. 18.5-45-g3554ffe8-0ubuntu1~16.04.1 running 'init' at Thu, 18 Apr 2019 22:18:59 +0000. Up 6.93 seconds.
[    7.320424] cloud-init[944]: ci-info: ++++++++++++++++++++++++++++++++++++++Net device info+++++++++++++++++++++++++++++++++++++++
[    7.323776] cloud-init[944]: ci-info: +--------+-------+----------------------------+---------------+--------+-------------------+
[    7.325617] cloud-init[944]: ci-info: | Device |   Up  |          Address           |      Mask     | Scope  |     Hw-Address    |
[    7.327955] cloud-init[944]: ci-info: +--------+-------+----------------------------+---------------+--------+-------------------+
[    7.336446] cloud-init[944]: ci-info: | enp0s3 |  True |         10.0.2.15          | 255.255.255.0 | global | 02:63:27:9f:3f:f3 |
[    7.339273] cloud-init[944]: ci-info: | enp0s3 |  True | fe80::63:27ff:fe9f:3ff3/64 |       .       |  link  | 02:63:27:9f:3f:f3 |
[    7.348640] cloud-init[944]: ci-info: | enp0s8 | False |             .              |       .       |   .    | 08:00:27:9e:49:f2 |
[    7.351539] cloud-init[944]: ci-info: |   lo   |  True |         127.0.0.1          |   255.0.0.0   |  host  |         .         |
[    7.353639] cloud-init[944]: ci-info: |   lo   |  True |          ::1/128           |       .       |  host  |         .         |
[    7.366620] cloud-init[944]: ci-info: +--------+-------+----------------------------+---------------+--------+-------------------+
[    7.376754] cloud-init[944]: ci-info: +++++++++++++++++++++++++++Route IPv4 info++++++++++++++++++++++++++++
[    7.377235] cloud-init[944]: ci-info: +-------+-------------+----------+---------------+-----------+-------+
[    7.377448] cloud-init[944]: ci-info: | Route | Destination | Gateway  |    Genmask    | Interface | Flags |
[[0;32m  OK  [0m] Started Initial cloud-init job (metadata service crawler).
[    7.377535] cloud-init[944]: ci-info: +-------+-------------+----------+---------------+-----------+-------+
[    7.384276] cloud-init[944]: ci-info: |   0   |   0.0.0.0   | 10.0.2.2 |    0.0.0.0    |   enp0s3  |   UG  |
[    7.386660] cloud-init[944]: ci-info: |   1   |   10.0.2.0  | 0.0.0.0  | 255.255.255.0 |   enp0s3  |   U   |
[    7.389713] cloud-init[944]: ci-info: +-------+-------------+----------+---------------+-----------+-------+
[    7.389959] cloud-init[944]: ci-info: +++++++++++++++++++Route IPv6 info+++++++++++++++++++
[    7.390870] cloud-init[944]: ci-info: +-------+-------------+---------+-----------+-------+
[    7.391751] cloud-init[944]: ci-info: | Route | Destination | Gateway | Interface | Flags |
[    7.392877] cloud-init[944]: ci-info: +-------+-------------+---------+-----------+-------+
[    7.393711] cloud-init[944]: ci-info: |   0   |  fe80::/64  |    ::   |   enp0s3  |   U   |
[    7.394275] cloud-init[944]: ci-info: |   3   |   ff00::/8  |    ::   |   enp0s3  |   U   |
[    7.394337] cloud-init[944]: ci-info: +-------+-------------+---------+-----------+-------+
[    7.394636] cloud-init[944]: Generating public/private rsa key pair.
[    7.394673] cloud-init[944]: Your identification has been saved in /etc/ssh/ssh_host_rsa_key.
[    7.395482] cloud-init[944]: Your public key has been saved in /etc/ssh/ssh_host_rsa_key.pub.
[    7.396655] cloud-init[944]: The key fingerprint is:
[    7.397529] cloud-init[944]: SHA256:oXfmGS4lPv0LfMSK4iCxI91vTmVTxw+mcESI/YvVjMo root@ubuntu-xenial
[    7.398316] cloud-init[944]: The key's randomart image is:
[    7.398344] cloud-init[944]: +---[RSA 2048]----+
[    7.398373] cloud-init[944]: |       o oo      |
[[0;32m  OK  [0m] Reached target Cloud-config availability.
[[    7.398419] cloud-init[944]: |      . o. .     |
[    7.412581] cloud-init[944]: |        o.o+=    |
[    7.413386] cloud-init[944]: |       . =+=oo   |
[    7.414281] cloud-init[944]: |  .   ..S+*.o .  |
[    7.415096] cloud-init[944]: | . +   =E%.=     |
[    7.415959] cloud-init[944]: |. = o o = O .    |
[0;32m  OK  [0m] Reached target Network is Online.
[    7.416656] cloud-init[944]: | . o =.. o +     |
[    7.419987] cloud-init[944]: |     o+     o.   |
[    7.428927] cloud-init[944]: +----[SHA256]-----+
[    7.430147] cloud-init[944]: Generating public/private dsa key pair.
[    7.432282] cloud-init[944]: Your identification has been saved in /etc/ssh/ssh_host_dsa_key.
[    7.440520] cloud-init[944]: Your public key has been saved in /etc/ssh/ssh_host_dsa_key.pub.
[    7.440777] cloud-init[944]: The key fingerprint is:
         Starting iSCSI initiator daemon (iscsid)...
[[    7.440891] [0;32m  OK  [0mcloud-init] [944]: Reached target System Initialization.SHA256:qgOAwfpegDqyV/yhwZl1bdeiG0DBqY9ZU27ftM+Yubw root@ubuntu-xenial

[    7.444766] cloud-init[944]: The key's randomart image is:
[    7.445118] [cloud-init[0;32m  OK  [0m[944]: ] +---[DSA 1024]----+Started ACPI Events Check.

[[    7.445170] cloud-init[944]: |.      ..o       |
[    7.447592] cloud-init[944]: |..      + .      |
[    7.448741] cloud-init[944]: |oo     o +   .   |
[    7.449460] cloud-init[944]: |= .   o = = o o  |
[    7.449492] cloud-init[944]: |.o + + *S= + + . |
[0;32m  OK  [0m] Reached target Paths.
[    7.449558] cloud-init[944]: |+ o O +.. o . o  |
[    7.452822] cloud-init[944]: |.+ + +..   o   * |
[    7.453103] cloud-init[944]: |. o o..   .  .+ o|
[    7.453955] cloud-init         [944]: Starting Socket activation for snappy daemon.| .  ..        Eo |

[    7.456021] cloud-init[944]: +----[SHA256]-----+
[    7.456532] cloud-init[944]: Generating public/private ecdsa key pair.
[[0;32m  OK  [0m] Listening on UUID daemon activation socket.
[[    7.456775] [0;32m  OK  [0mcloud-init] [944]: Listening on D-Bus System Message Bus Socket.Your identification has been saved in /etc/ssh/ssh_host_ecdsa_key.

         Starting LXD - unix socket.[    7.462416] cloud-init[944]: Your public key has been saved in /etc/ssh/ssh_host_ecdsa_key.pub.
[    7.462748] cloud-init[944]: The key fingerprint is:
[    7.463157] cloud-init[944]: SHA256:NlcGdiecI6SCp/kBk6zpQ7qXsFHzpqX04M1U/fYS01k root@ubuntu-xenial
[    7.463187] cloud-init[944]: The key's randomart image is:

[[0;32m  OK  [0m] Listening on ACPID Listen Socket.
[    7.463248] cloud-init[944]: +---[ECDSA 256]---+
[    7.470185] cloud-init[944]: |         .+.o..  |
[    7.470377] cloud-init[944]: |   . o   o.o+o   |
[    7.470407] cloud-init[944]: |    * o..  .o.   |
[    7.470434] cloud-init[[944]: [0;32m  OK  [0m|  oo *...  o  E  |] 
Started Daily Cleanup of Temporary Directories.
[[    7.470493] cloud-init[944]: | .+oo.. S... o   |
[    7.474615] cloud-init[944]: |o+o =. o o= o    |
[0;32m  OK  [0m] Started Daily apt download activities.
[[    7.475379] [0;32m  OK  [0mcloud-init] [944]: Started Daily apt upgrade and clean activities.|.*o%  .  . +     |

[    7.486828] cloud-init[944]: |..*.+     . .    |
[    7.487167] cloud-init[944]: |..         .     |
[[0;32m  OK  [0m] Reached target Timers.
[    7.487320] cloud-init[944]: +----[SHA256]-----+
[    7.497921] cloud-init[944]: Generating public/private ed25519 key pair.
[    7.505060] cloud-init[944]: Your identification has been saved in /etc/ssh/ssh_host_ed25519_key.
[    7.516389] cloud-init[944]: Your public key has been saved in /etc/ssh/ssh_host_ed25519_key.pub.
[    7.516823] cloud-init[944]: The key fingerprint is:
[[0;32m  OK  [0m] Listening on Socket activation for snappy daemon.
[[    7.516933] cloud-init[944]: SHA256:bKSNtXkBSB5Lj72R3+msVK3j3e9n3VE+931mPIxNTB0 root@ubuntu-xenial
[    7.520379] cloud-init[944]: The key's randomart image is:
[0;32m  OK  [0m] Listening on LXD - unix socket.
[[    7.520761] [0;32m  OK  [0mcloud-init] [944]: Started iSCSI initiator daemon (iscsid).+--[ED25519 256]--+

[    7.531194] cloud-init[944]: |     .+..        |
[    7.532641] cloud-init[944]: |     o.* o     E |
[    7.534540] cloud-init[944]: |      + B .     o|
[    7.535978] cloud-init[944]: |       B * o o .o|
[    7.537244] cloud-init[944]: |      o S o + +..|
[    7.539152] cloud-init[944]: |       . . + . =o|
[    7.548380] cloud-init[944]: |          . = =.O|
[    7.549258] cloud-init[944]: |         . o + =%|
[    7.556299] cloud-init[944]: |          . . .=O|
[    7.564726] cloud-init[944]: +----[SHA256]-----+
         Starting Login to default iSCSI targets...
[[0;32m  OK  [0m] Reached target Sockets.
[[0;32m  OK  [0m] Reached target Basic System.
         Starting Pollinate to seed the pseudo random number generator...
         Starting LSB: Record successful boot for GRUB...
         Starting System Logging Service...
[[0;32m  OK  [0m] Started FUSE filesystem for LXC.
         Starting Snappy daemon...
[[0;32m  OK  [0m] Started Regular background program processing daemon.
[[0;32m  OK  [0m] Started ACPI event daemon.
         Starting /etc/rc.local Compatibility...
         Starting LXD - container startup/shutdown...
         Starting Virtualbox guest utils...
[[0;32m  OK  [0m] Started D-Bus System Message Bus.
         Starting Login Service...
         Starting Accounts Service...
         Starting LSB: MD monitoring daemon...
[[0;32m  OK  [0m] Started Deferred execution scheduler.
[[0;32m  OK  [0m] Started Unattended Upgrades Shutdown.
[[0;32m  OK  [0m] Started System Logging Service.
[[0;32m  OK  [0m] Started /etc/rc.local Compatibility.
[[0;32m  OK  [0m] Started LXD - container startup/shutdown.
[[0;32m  OK  [0m] Started Login to default iSCSI targets.
[[0;32m  OK  [0m] Started LSB: Record successful boot for GRUB.
[[0;32m  OK  [0m] Started LSB: MD monitoring daemon.
[[0;32m  OK  [0m] Started Login Service.
         Starting Authenticate and Authorize Users to Run Privileged Tasks...
[[0;32m  OK  [0m] Reached target Remote File Systems (Pre).
[[0;32m  OK  [0m] Reached target Remote File Systems.
         Starting LSB: daemon to balance interrupts for SMP systems...
         Starting LSB: automatic crash report generation...
         Starting Permit User Sessions...
         Starting LSB: Set the CPU Frequency Scaling governor to "ondemand"...
[[0;32m  OK  [0m] Started Permit User Sessions.
         Starting Terminate Plymouth Boot Screen...
         Starting Hold until boot process finishes up...
[[0;32m  OK  [0m] Started Snappy daemon.
[[0;32m  OK  [0m] Started Virtualbox guest utils.
[[0;32m  OK  [0m] Started LSB: Set the CPU Frequency Scaling governor to "ondemand".
[[0;32m  OK  [0m] Started LSB: daemon to balance interrupts for SMP systems.
[[0;32m  OK  [0m] Started Hold until boot process finishes up.
[[0;32m  OK  [0m] Started Terminate Plymouth Boot Screen.
[[0;32m  OK  [0m] Started Authenticate and Authorize Users to Run Privileged Tasks.
[[0;32m  OK  [0m] Started Accounts Service.
[[0;32m  OK  [0m] Started Getty on tty1.
         Starting Set console scheme...
[[0;32m  OK  [0m] Started Serial Getty on ttyS0.
[[0;32m  OK  [0m] Reached target Login Prompts.
         Starting Wait until snapd is fully seeded...
[[0;32m  OK  [0m] Started LSB: automatic crash report generation.
[[0;32m  OK  [0m] Started Set console scheme.
[[0;32m  OK  [0m] Started Pollinate to seed the pseudo random number generator.
         Starting OpenBSD Secure Shell server...
[[0;32m  OK  [0m] Started OpenBSD Secure Shell server.
[[0;32m  OK  [0m] Created slice User Slice of vagrant.
         Starting User Manager for UID 1000...
[[0;32m  OK  [0m] Started Session 1 of user vagrant.
[[0;32m  OK  [0m] Started User Manager for UID 1000.

Ubuntu 16.04.6 LTS ubuntu-xenial ttyS0

ubuntu-xenial login: [   14.966599] cloud-init[1574]: Generating locales (this might take a while)...
[   15.788489] cloud-init[1574]:   en_US.UTF-8... done
[   15.792567] cloud-init[1574]: Generation complete.
[   16.120000] cloud-init[1574]: Cloud-init v. 18.5-45-g3554ffe8-0ubuntu1~16.04.1 running 'modules:config' at Thu, 18 Apr 2019 22:19:07 +0000. Up 14.86 seconds.
ci-info: no authorized ssh keys fingerprints found for user ubuntu.
<14>Apr 18 22:19:09 ec2: 
<14>Apr 18 22:19:09 ec2: #############################################################
<14>Apr 18 22:19:09 ec2: -----BEGIN SSH HOST KEY FINGERPRINTS-----
<14>Apr 18 22:19:09 ec2: 1024 SHA256:qgOAwfpegDqyV/yhwZl1bdeiG0DBqY9ZU27ftM+Yubw root@ubuntu-xenial (DSA)
<14>Apr 18 22:19:09 ec2: 256 SHA256:NlcGdiecI6SCp/kBk6zpQ7qXsFHzpqX04M1U/fYS01k root@ubuntu-xenial (ECDSA)
<14>Apr 18 22:19:09 ec2: 256 SHA256:bKSNtXkBSB5Lj72R3+msVK3j3e9n3VE+931mPIxNTB0 root@ubuntu-xenial (ED25519)
<14>Apr 18 22:19:09 ec2: 2048 SHA256:oXfmGS4lPv0LfMSK4iCxI91vTmVTxw+mcESI/YvVjMo root@ubuntu-xenial (RSA)
<14>Apr 18 22:19:09 ec2: -----END SSH HOST KEY FINGERPRINTS-----
<14>Apr 18 22:19:09 ec2: #############################################################
-----BEGIN SSH HOST KEY KEYS-----
ecdsa-sha2-nistp256 AAAAE2VjZHNhLXNoYTItbmlzdHAyNTYAAAAIbmlzdHAyNTYAAABBBNmjAxqgropWTDzTailq+JSnG0aIeZL4mGyEltjR/VqKeHc9y+IzveVbX2LYEhGfjD/24GDkpS9Wcr2NBAOmdQY= root@ubuntu-xenial
ssh-ed25519 AAAAC3NzaC1lZDI1NTE5AAAAIGtOr9huPucdIqIrJuzi44CZKxoNeE8Nr8O9rgDvUHae root@ubuntu-xenial
ssh-rsa AAAAB3NzaC1yc2EAAAADAQABAAABAQDMbaTTY/deatNvZkxsqro5QyTPZiLpPFu+cPVi/k5JE29/hwbPCM+kFVUCrmI5SCFKvKgmrFXJGycVmukNdcWDrlU0ez7cGrz2QL6tll+0VubpgJgksWyVcNjs54pAXii6W6GsvwkwK40PYzdQ95Hc5eJBoX5Ylx08cpI5SFF/PkFf7uhM6EsJY++tX1T3VZSeHrkHqC4+NXqWXpR0Js9omSWg+iCD+elmg/XDsFo7H1+lMQH8dFsozd9NLHLITAZw3Qn0VWGIPJZsw19TwN4hjnQTmXaySnEPzUnnPXld2fkvxl4IWNRDaAbTAT3jDOOlR8Z91wqnr0hxem62b6vD root@ubuntu-xenial
-----END SSH HOST KEY KEYS-----
[   16.669780] cloud-init[1908]: Cloud-init v. 18.5-45-g3554ffe8-0ubuntu1~16.04.1 running 'modules:final' at Thu, 18 Apr 2019 22:19:09 +0000. Up 16.53 seconds.
[   16.670427] cloud-init[1908]: ci-info: no authorized ssh keys fingerprints found for user ubuntu.
[   16.670860] cloud-init[1908]: Cloud-init v. 18.5-45-g3554ffe8-0ubuntu1~16.04.1 finished at Thu, 18 Apr 2019 22:19:09 +0000. Datasource DataSourceNoCloud [seed=/dev/sdb][dsmode=net].  Up 16.65 seconds
